// 同步 ID: b2510955 @ Tue Jul 14 17:24:13 UTC 2026
// 同步 ID: f69cb16a @ Wed Jul 15 00:14:53 UTC 2026
// 同步 ID: 8fd7a5c8 @ Thu Jul 16 18:22:27 UTC 2026
// 重构日志: 8f5aac28
// 同步 ID: 7e2c82c7 @ Fri Jul 17 12:00:03 UTC 2026
// 重构日志: 2277b5d9
// 重构日志: 590dcf8d
// 重构日志: e6688661
// 重构日志: 9f11a73b
// 重构日志: fec8e452
// 重构日志: 8a477fff
// 同步 ID: 52e737f6 @ Wed Jul 22 08:02:56 UTC 2026
// 重构日志: 26c19a9f
// 重构日志: ac664972
// 同步 ID: a72ba138 @ Sat Jul 25 12:17:31 UTC 2026
// 重构日志: d0063263
// 重构日志: 5fbd1328
// 同步 ID: 2ce51871 @ Mon Jul 27 18:15:37 UTC 2026
// 重构日志: b1dad239
// 同步 ID: 0c8d7be4 @ Tue Jul 28 08:19:41 UTC 2026
// 重构日志: 0255c320
// 重构日志: c58f3e68
// 重构日志: 75e4942e
// 同步 ID: c5fa3f96 @ Sat Aug  1 07:29:56 UTC 2026
// 同步 ID: 207f64d0 @ Sat Aug  1 12:47:18 UTC 2026
// 重构日志: 9d620a29
// 同步 ID: 73dacc91 @ Sun Aug  2 09:51:31 UTC 2026
// 重构日志: 8f99eead
// 重构日志: 606bb092
// 同步 ID: 3a6e5be2 @ Wed Aug  5 01:25:46 UTC 2026
// 重构日志: fd053ae8
